[2025-07-31T04:50:14.336Z] unanswered_question: Potential question from bob: "did we update the client on the outage?"
[2025-07-31T05:56:55.678Z] unanswered_question: Potential question from bob: "did we update the client on the outage?"
[2025-08-13T08:33:15.537Z] unanswered_question: Potential question from alice: "how do i deploy?"
[2025-08-13T08:33:15.831Z] blocked_task: Task 123 is marked as Blocked
[2025-08-13T08:38:07.185Z] unanswered_question: Potential question from alice: "how do i deploy?"
[2025-08-13T08:38:07.209Z] blocked_task: Task 123 is marked as Blocked
[2025-08-14T11:42:06.455Z] unanswered_question: Potential question from alice: "how do i deploy?"
[2025-08-14T12:09:07.273Z] unanswered_question: Potential question from alice: "how do i deploy?"
[2025-08-14T12:27:06.878Z] unanswered_question: Potential question from alice: "how do i deploy?"
[2025-08-14T13:00:58.353Z] unanswered_question: Potential question from alice: "how do i deploy?"
[2025-08-14T13:00:58.455Z] blocked_task: Task 123 is marked as Blocked
[2025-08-14T13:02:08.528Z] unanswered_question: Potential question from alice: "how do i deploy?"
[2025-08-14T13:02:08.626Z] blocked_task: Task 123 is marked as Blocked
[2025-08-14T13:18:31.319Z] unanswered_question: Potential question from alice: "how do i deploy?"
[2025-08-14T13:18:31.394Z] blocked_task: Task 123 is marked as Blocked
[2025-08-14T13:18:55.832Z] unanswered_question: Potential question from alice: "how do i deploy?"
[2025-08-14T13:18:55.900Z] blocked_task: Task 123 is marked as Blocked
[2025-08-14T13:20:18.017Z] unanswered_question: Potential question from alice: "how do i deploy?"
[2025-08-14T13:22:08.104Z] unanswered_question: Potential question from alice: "how do i deploy?"
[2025-08-14T13:26:27.534Z] unanswered_question: Potential question from alice: "how do i deploy?"
[2025-08-14T13:30:14.672Z] unanswered_question: Potential question from alice: "how do i deploy?"
[2025-08-14T13:30:14.741Z] blocked_task: Task 123 is marked as Blocked
[2025-08-14T13:30:41.996Z] unanswered_question: Potential question from alice: "how do i deploy?"
[2025-08-14T13:30:42.068Z] blocked_task: Task 123 is marked as Blocked
[2025-08-14T13:31:01.413Z] unanswered_question: Potential question from alice: "how do i deploy?"
[2025-08-14T13:31:01.492Z] blocked_task: Task 123 is marked as Blocked
[2025-08-14T13:31:39.072Z] unanswered_question: Potential question from alice: "how do i deploy?"
[2025-08-14T13:31:39.145Z] blocked_task: Task 123 is marked as Blocked
[2025-08-14T13:31:41.961Z] unanswered_question: Potential question from alice: "how do i deploy?"
[2025-08-14T13:35:17.476Z] unanswered_question: Potential question from alice: "how do i deploy?"
[2025-08-14T13:35:17.686Z] blocked_task: Task 123 is marked as Blocked
[2025-08-14T13:36:00.713Z] unanswered_question: Potential question from alice: "how do i deploy?"
[2025-08-14T13:36:00.776Z] blocked_task: Task 123 is marked as Blocked
[2025-08-14T13:36:11.501Z] unanswered_question: Potential question from alice: "how do i deploy?"
[2025-08-14T13:46:10.442Z] unanswered_question: Potential question from alice: "how do i deploy?"
[2025-08-14T15:33:58.669Z] unanswered_question: Potential question from U1: "test?"
[2025-08-14T15:48:18.404Z] unanswered_question: Potential question from U097GRAES2J: "<@u09a7d3kb6x> has the client been updated about the reforms for the proposal ?"
[2025-08-14T15:51:50.757Z] unanswered_question: Potential question from U097GRAES2J: "<@u09a7d3kb6x> how do i deploy to render?"
[2025-08-14T16:01:03.763Z] unanswered_question: Potential question from U097GRAES2J: "<@u09a7d3kb6x> has the client been updated about the reforms for the proposal ?"
[2025-08-14T16:08:11.333Z] unanswered_question: Potential question from U097GRAES2J: "<@u09a7d3kb6x> i am speaking of the proposal to kpmg to redesign and develop their website ?"
